2026-09-13 12:20:37,764 - INFO - Ingesting begin_inventory.csv in db
2026-09-13 12:20:37,859 - INFO - Loading begin_inventory with shape (50000, 9)
2026-09-13 12:20:38,962 - INFO - Loading begin_inventory with shape (50000, 9)
2026-09-13 12:20:39,566 - INFO - Loading begin_inventory with shape (50000, 9)
2026-09-13 12:20:40,147 - INFO - Loading begin_inventory with shape (50000, 9)
2026-09-13 12:20:40,646 - INFO - Loading begin_inventory with shape (6529, 9)
2026-09-13 12:20:40,726 - INFO - Ingesting end_inventory.csv in db
2026-09-13 12:20:40,839 - INFO - Loading end_inventory with shape (50000, 9)
2026-09-13 12:20:42,051 - INFO - Loading end_inventory with shape (50000, 9)
2026-09-13 12:20:42,670 - INFO - Loading end_inventory with shape (50000, 9)
2026-09-13 12:20:43,322 - INFO - Loading end_inventory with shape (50000, 9)
2026-09-13 12:20:43,931 - INFO - Loading end_inventory with shape (24489, 9)
2026-09-13 12:20:44,203 - INFO - Ingesting purchases.csv in db
2026-09-13 12:20:44,361 - INFO - Loading purchases with shape (50000, 16)
2026-09-13 12:20:50,668 - INFO - Loading purchases with shape (50000, 16)
2026-09-13 12:20:51,708 - INFO - Loading purchases with shape (50000, 16)
2026-09-13 12:20:52,821 - INFO - Loading purchases with shape (50000, 16)
2026-09-13 12:20:53,893 - INFO - Loading purchases with shape (50000, 16)
2026-09-13 12:20:54,846 - INFO - Loading purchases with shape (50000, 16)
2026-09-13 12:20:55,568 - INFO - Loading purchases with shape (50000, 16)
2026-09-13 12:25:49,135 - INFO - Ingesting begin_inventory.csv in db
2026-09-13 12:25:49,260 - INFO - Loading begin_inventory with shape (50000, 9)
2026-09-13 12:25:49,973 - INFO - Loading begin_inventory with shape (50000, 9)
2026-09-13 12:25:50,530 - INFO - Loading begin_inventory with shape (50000, 9)
2026-09-13 12:25:51,140 - INFO - Loading begin_inventory with shape (50000, 9)
2026-09-13 12:25:51,599 - INFO - Loading begin_inventory with shape (6529, 9)
2026-09-13 12:25:51,661 - INFO - Ingesting end_inventory.csv in db
2026-09-13 12:25:51,754 - INFO - Loading end_inventory with shape (50000, 9)
2026-09-13 12:25:52,424 - INFO - Loading end_inventory with shape (50000, 9)
2026-09-13 12:25:53,030 - INFO - Loading end_inventory with shape (50000, 9)
2026-09-13 12:25:53,719 - INFO - Loading end_inventory with shape (50000, 9)
2026-09-13 12:25:54,272 - INFO - Loading end_inventory with shape (24489, 9)
2026-09-13 12:25:54,553 - INFO - Ingesting purchases.csv in db
2026-09-13 12:25:54,701 - INFO - Loading purchases with shape (50000, 16)
2026-09-13 12:25:55,798 - INFO - Loading purchases with shape (50000, 16)
2026-09-13 12:25:56,740 - INFO - Loading purchases with shape (50000, 16)
2026-09-13 12:25:57,736 - INFO - Loading purchases with shape (50000, 16)
2026-09-13 12:25:58,673 - INFO - Loading purchases with shape (50000, 16)
2026-09-13 12:25:59,501 - INFO - Loading purchases with shape (50000, 16)
2026-09-13 12:26:00,204 - INFO - Loading purchases with shape (50000, 16)
2026-09-13 12:26:00,942 - INFO - Loading purchases with shape (50000, 16)
2026-09-13 12:26:01,631 - INFO - Loading purchases with shape (50000, 16)
2026-09-13 12:26:02,421 - INFO - Loading purchases with shape (50000, 16)
2026-09-13 12:26:03,162 - INFO - Loading purchases with shape (50000, 16)
2026-09-13 12:26:03,905 - INFO - Loading purchases with shape (50000, 16)
2026-09-13 12:26:04,612 - INFO - Loading purchases with shape (50000, 16)
2026-09-13 12:26:05,390 - INFO - Loading purchases with shape (50000, 16)
2026-09-13 12:26:06,123 - INFO - Loading purchases with shape (50000, 16)
2026-09-13 12:26:06,898 - INFO - Loading purchases with shape (50000, 16)
2026-09-13 12:26:07,599 - INFO - Loading purchases with shape (50000, 16)
2026-09-13 12:26:08,352 - INFO - Loading purchases with shape (50000, 16)
2026-09-13 12:26:09,077 - INFO - Loading purchases with shape (50000, 16)
2026-09-13 12:26:09,832 - INFO - Loading purchases with shape (50000, 16)
2026-09-13 12:26:10,559 - INFO - Loading purchases with shape (50000, 16)
2026-09-13 12:26:11,353 - INFO - Loading purchases with shape (50000, 16)
2026-09-13 12:26:12,052 - INFO - Loading purchases with shape (50000, 16)
2026-09-13 12:26:12,806 - INFO - Loading purchases with shape (50000, 16)
2026-09-13 12:26:13,533 - INFO - Loading purchases with shape (50000, 16)
2026-09-13 12:26:14,274 - INFO - Loading purchases with shape (50000, 16)
2026-09-13 12:26:14,985 - INFO - Loading purchases with shape (50000, 16)
2026-09-13 12:26:15,744 - INFO - Loading purchases with shape (50000, 16)
2026-09-13 12:26:16,458 - INFO - Loading purchases with shape (50000, 16)
2026-09-13 12:26:17,208 - INFO - Loading purchases with shape (50000, 16)
2026-09-13 12:26:17,926 - INFO - Loading purchases with shape (50000, 16)
2026-09-13 12:26:18,715 - INFO - Loading purchases with shape (50000, 16)
2026-09-13 12:26:19,431 - INFO - Loading purchases with shape (50000, 16)
2026-09-13 12:26:20,237 - INFO - Loading purchases with shape (50000, 16)
2026-09-13 12:26:20,952 - INFO - Loading purchases with shape (50000, 16)
2026-09-13 12:26:21,706 - INFO - Loading purchases with shape (50000, 16)
2026-09-13 12:26:22,406 - INFO - Loading purchases with shape (50000, 16)
2026-09-13 12:26:23,153 - INFO - Loading purchases with shape (50000, 16)
2026-09-13 12:26:23,892 - INFO - Loading purchases with shape (50000, 16)
2026-09-13 12:26:24,654 - INFO - Loading purchases with shape (50000, 16)
2026-09-13 12:26:25,354 - INFO - Loading purchases with shape (50000, 16)
2026-09-13 12:26:26,106 - INFO - Loading purchases with shape (50000, 16)
2026-09-13 12:26:26,821 - INFO - Loading purchases with shape (50000, 16)
2026-09-13 12:26:27,610 - INFO - Loading purchases with shape (50000, 16)
2026-09-13 12:26:28,311 - INFO - Loading purchases with shape (50000, 16)
2026-09-13 12:26:29,121 - INFO - Loading purchases with shape (50000, 16)
2026-09-13 12:26:29,823 - INFO - Loading purchases with shape (50000, 16)
2026-09-13 12:26:30,522 - INFO - Loading purchases with shape (22474, 16)
2026-09-13 12:26:30,791 - INFO - Ingesting purchase_prices.csv in db
2026-09-13 12:26:30,813 - INFO - Loading purchase_prices with shape (12261, 9)
2026-09-13 12:26:30,934 - INFO - Ingesting sales.csv in db
2026-09-13 12:26:31,024 - INFO - Loading sales with shape (50000, 14)
2026-09-13 12:26:38,507 - INFO - Loading sales with shape (50000, 14)
2026-09-13 12:26:39,335 - INFO - Loading sales with shape (50000, 14)
2026-09-13 12:26:40,274 - INFO - Loading sales with shape (50000, 14)
2026-09-13 12:26:41,118 - INFO - Loading sales with shape (50000, 14)
2026-09-13 12:26:41,993 - INFO - Loading sales with shape (50000, 14)
2026-09-13 12:26:42,835 - INFO - Loading sales with shape (50000, 14)
2026-09-13 12:26:43,700 - INFO - Loading sales with shape (50000, 14)
2026-09-13 12:26:44,542 - INFO - Loading sales with shape (50000, 14)
2026-09-13 12:26:45,382 - INFO - Loading sales with shape (50000, 14)
2026-09-13 12:26:46,055 - INFO - Loading sales with shape (50000, 14)
2026-09-13 12:26:46,703 - INFO - Loading sales with shape (50000, 14)
2026-09-13 12:26:47,318 - INFO - Loading sales with shape (50000, 14)
2026-09-13 12:26:47,965 - INFO - Loading sales with shape (50000, 14)
2026-09-13 12:26:48,675 - INFO - Loading sales with shape (50000, 14)
2026-09-13 12:26:49,318 - INFO - Loading sales with shape (50000, 14)
2026-09-13 12:26:49,952 - INFO - Loading sales with shape (50000, 14)
2026-09-13 12:26:50,600 - INFO - Loading sales with shape (50000, 14)
2026-09-13 12:26:51,220 - INFO - Loading sales with shape (50000, 14)
2026-09-13 12:26:51,873 - INFO - Loading sales with shape (50000, 14)
2026-09-13 12:26:52,481 - INFO - Loading sales with shape (50000, 14)
2026-09-13 12:26:53,127 - INFO - Loading sales with shape (50000, 14)
2026-09-13 12:26:53,747 - INFO - Loading sales with shape (50000, 14)
2026-09-13 12:26:54,399 - INFO - Loading sales with shape (50000, 14)
2026-09-13 12:26:55,015 - INFO - Loading sales with shape (50000, 14)
2026-09-13 12:26:55,731 - INFO - Loading sales with shape (50000, 14)
2026-09-13 12:26:56,348 - INFO - Loading sales with shape (50000, 14)
2026-09-13 12:26:57,000 - INFO - Loading sales with shape (50000, 14)
2026-09-13 12:26:57,632 - INFO - Loading sales with shape (50000, 14)
2026-09-13 12:26:58,282 - INFO - Loading sales with shape (50000, 14)
2026-09-13 12:26:58,910 - INFO - Loading sales with shape (50000, 14)
2026-09-13 12:26:59,570 - INFO - Loading sales with shape (50000, 14)
2026-09-13 12:27:00,199 - INFO - Loading sales with shape (50000, 14)
2026-09-13 12:27:00,858 - INFO - Loading sales with shape (50000, 14)
2026-09-13 12:27:01,474 - INFO - Loading sales with shape (50000, 14)
2026-09-13 12:27:02,123 - INFO - Loading sales with shape (50000, 14)
2026-09-13 12:27:02,763 - INFO - Loading sales with shape (50000, 14)
2026-09-13 12:27:03,414 - INFO - Loading sales with shape (50000, 14)
2026-09-13 12:27:04,115 - INFO - Loading sales with shape (50000, 14)
2026-09-13 12:27:04,767 - INFO - Loading sales with shape (50000, 14)
2026-09-13 12:27:05,404 - INFO - Loading sales with shape (50000, 14)
2026-09-13 12:27:06,060 - INFO - Loading sales with shape (50000, 14)
2026-09-13 12:27:06,681 - INFO - Loading sales with shape (50000, 14)
2026-09-13 12:27:07,335 - INFO - Loading sales with shape (50000, 14)
2026-09-13 12:27:07,950 - INFO - Loading sales with shape (50000, 14)
2026-09-13 12:27:08,616 - INFO - Loading sales with shape (50000, 14)
2026-09-13 12:27:09,278 - INFO - Loading sales with shape (50000, 14)
2026-09-13 12:27:09,948 - INFO - Loading sales with shape (50000, 14)
2026-09-13 12:27:10,622 - INFO - Loading sales with shape (50000, 14)
2026-09-13 12:27:11,268 - INFO - Loading sales with shape (50000, 14)
2026-09-13 12:27:11,939 - INFO - Loading sales with shape (50000, 14)
2026-09-13 12:27:12,598 - INFO - Loading sales with shape (50000, 14)
2026-09-13 12:27:13,221 - INFO - Loading sales with shape (50000, 14)
2026-09-13 12:27:13,873 - INFO - Loading sales with shape (50000, 14)
2026-09-13 12:27:14,526 - INFO - Loading sales with shape (50000, 14)
2026-09-13 12:27:15,237 - INFO - Loading sales with shape (50000, 14)
2026-09-13 12:27:15,910 - INFO - Loading sales with shape (50000, 14)
2026-09-13 12:27:16,594 - INFO - Loading sales with shape (50000, 14)
2026-09-13 12:27:17,223 - INFO - Loading sales with shape (50000, 14)
2026-09-13 12:27:17,883 - INFO - Loading sales with shape (50000, 14)
2026-09-13 12:27:18,492 - INFO - Loading sales with shape (50000, 14)
2026-09-13 12:27:19,202 - INFO - Loading sales with shape (50000, 14)
2026-09-13 12:27:19,838 - INFO - Loading sales with shape (50000, 14)
2026-09-13 12:27:20,500 - INFO - Loading sales with shape (50000, 14)
2026-09-13 12:27:21,115 - INFO - Loading sales with shape (50000, 14)
2026-09-13 12:27:21,786 - INFO - Loading sales with shape (50000, 14)
2026-09-13 12:27:22,410 - INFO - Loading sales with shape (50000, 14)
2026-09-13 12:27:23,060 - INFO - Loading sales with shape (50000, 14)
2026-09-13 12:27:23,684 - INFO - Loading sales with shape (50000, 14)
2026-09-13 12:27:24,342 - INFO - Loading sales with shape (50000, 14)
2026-09-13 12:27:24,958 - INFO - Loading sales with shape (50000, 14)
2026-09-13 12:27:25,615 - INFO - Loading sales with shape (50000, 14)
2026-09-13 12:27:26,240 - INFO - Loading sales with shape (50000, 14)
2026-09-13 12:27:26,970 - INFO - Loading sales with shape (50000, 14)
2026-09-13 12:27:27,596 - INFO - Loading sales with shape (50000, 14)
2026-09-13 12:27:28,269 - INFO - Loading sales with shape (50000, 14)
2026-09-13 12:27:28,904 - INFO - Loading sales with shape (50000, 14)
2026-09-13 12:27:29,573 - INFO - Loading sales with shape (50000, 14)
2026-09-13 12:27:30,198 - INFO - Loading sales with shape (50000, 14)
2026-09-13 12:27:30,860 - INFO - Loading sales with shape (50000, 14)
2026-09-13 12:27:31,476 - INFO - Loading sales with shape (50000, 14)
2026-09-13 12:27:32,126 - INFO - Loading sales with shape (50000, 14)
2026-09-13 12:27:32,757 - INFO - Loading sales with shape (50000, 14)
2026-09-13 12:27:33,405 - INFO - Loading sales with shape (50000, 14)
2026-09-13 12:27:34,026 - INFO - Loading sales with shape (50000, 14)
2026-09-13 12:27:34,760 - INFO - Loading sales with shape (50000, 14)
2026-09-13 12:27:35,366 - INFO - Loading sales with shape (50000, 14)
2026-09-13 12:27:36,030 - INFO - Loading sales with shape (50000, 14)
2026-09-13 12:27:36,654 - INFO - Loading sales with shape (50000, 14)
2026-09-13 12:27:37,315 - INFO - Loading sales with shape (50000, 14)
2026-09-13 12:27:37,924 - INFO - Loading sales with shape (50000, 14)
2026-09-13 12:27:38,581 - INFO - Loading sales with shape (50000, 14)
2026-09-13 12:27:39,204 - INFO - Loading sales with shape (50000, 14)
2026-09-13 12:27:39,883 - INFO - Loading sales with shape (50000, 14)
2026-09-13 12:27:40,531 - INFO - Loading sales with shape (50000, 14)
2026-09-13 12:27:41,248 - INFO - Loading sales with shape (50000, 14)
2026-09-13 12:27:41,876 - INFO - Loading sales with shape (50000, 14)
2026-09-13 12:27:42,588 - INFO - Loading sales with shape (50000, 14)
2026-09-13 12:27:43,206 - INFO - Loading sales with shape (50000, 14)
2026-09-13 12:27:43,869 - INFO - Loading sales with shape (50000, 14)
2026-09-13 12:27:44,524 - INFO - Loading sales with shape (50000, 14)
2026-09-13 12:27:45,196 - INFO - Loading sales with shape (50000, 14)
2026-09-13 12:27:45,834 - INFO - Loading sales with shape (50000, 14)
2026-09-13 12:27:46,497 - INFO - Loading sales with shape (50000, 14)
2026-09-13 12:27:47,118 - INFO - Loading sales with shape (50000, 14)
2026-09-13 12:27:47,786 - INFO - Loading sales with shape (50000, 14)
2026-09-13 12:27:48,405 - INFO - Loading sales with shape (50000, 14)
2026-09-13 12:27:49,090 - INFO - Loading sales with shape (50000, 14)
2026-09-13 12:27:49,710 - INFO - Loading sales with shape (50000, 14)
2026-09-13 12:27:50,384 - INFO - Loading sales with shape (50000, 14)
2026-09-13 12:27:51,079 - INFO - Loading sales with shape (50000, 14)
2026-09-13 12:27:51,753 - INFO - Loading sales with shape (50000, 14)
2026-09-13 12:27:52,404 - INFO - Loading sales with shape (50000, 14)
2026-09-13 12:27:53,064 - INFO - Loading sales with shape (50000, 14)
2026-09-13 12:27:53,697 - INFO - Loading sales with shape (50000, 14)
2026-09-13 12:27:54,363 - INFO - Loading sales with shape (50000, 14)
2026-09-13 12:27:54,997 - INFO - Loading sales with shape (50000, 14)
2026-09-13 12:27:55,658 - INFO - Loading sales with shape (50000, 14)
2026-09-13 12:27:56,290 - INFO - Loading sales with shape (50000, 14)
2026-09-13 12:27:56,961 - INFO - Loading sales with shape (50000, 14)
2026-09-13 12:27:57,608 - INFO - Loading sales with shape (50000, 14)
2026-09-13 12:27:58,280 - INFO - Loading sales with shape (50000, 14)
2026-09-13 12:27:58,970 - INFO - Loading sales with shape (50000, 14)
2026-09-13 12:27:59,644 - INFO - Loading sales with shape (50000, 14)
2026-09-13 12:28:00,279 - INFO - Loading sales with shape (50000, 14)
2026-09-13 12:28:00,948 - INFO - Loading sales with shape (50000, 14)
2026-09-13 12:28:01,572 - INFO - Loading sales with shape (50000, 14)
2026-09-13 12:28:02,247 - INFO - Loading sales with shape (50000, 14)
2026-09-13 12:28:02,912 - INFO - Loading sales with shape (50000, 14)
2026-09-13 12:28:03,597 - INFO - Loading sales with shape (50000, 14)
2026-09-13 12:28:04,213 - INFO - Loading sales with shape (50000, 14)
2026-09-13 12:28:04,890 - INFO - Loading sales with shape (50000, 14)
2026-09-13 12:28:05,513 - INFO - Loading sales with shape (50000, 14)
2026-09-13 12:28:06,180 - INFO - Loading sales with shape (50000, 14)
2026-09-13 12:28:06,865 - INFO - Loading sales with shape (50000, 14)
2026-09-13 12:28:07,531 - INFO - Loading sales with shape (50000, 14)
2026-09-13 12:28:08,148 - INFO - Loading sales with shape (50000, 14)
2026-09-13 12:28:08,810 - INFO - Loading sales with shape (50000, 14)
2026-09-13 12:28:09,438 - INFO - Loading sales with shape (50000, 14)
2026-09-13 12:28:10,103 - INFO - Loading sales with shape (50000, 14)
2026-09-13 12:28:10,732 - INFO - Loading sales with shape (50000, 14)
2026-09-13 12:28:11,399 - INFO - Loading sales with shape (50000, 14)
2026-09-13 12:28:12,022 - INFO - Loading sales with shape (50000, 14)
2026-09-13 12:28:12,710 - INFO - Loading sales with shape (50000, 14)
2026-09-13 12:28:13,322 - INFO - Loading sales with shape (50000, 14)
2026-09-13 12:28:14,043 - INFO - Loading sales with shape (50000, 14)
2026-09-13 12:28:14,689 - INFO - Loading sales with shape (50000, 14)
2026-09-13 12:28:15,363 - INFO - Loading sales with shape (50000, 14)
2026-09-13 12:28:15,999 - INFO - Loading sales with shape (50000, 14)
2026-09-13 12:28:16,731 - INFO - Loading sales with shape (50000, 14)
2026-09-13 12:28:17,376 - INFO - Loading sales with shape (50000, 14)
2026-09-13 12:28:18,069 - INFO - Loading sales with shape (50000, 14)
2026-09-13 12:28:18,706 - INFO - Loading sales with shape (50000, 14)
2026-09-13 12:28:19,394 - INFO - Loading sales with shape (50000, 14)
2026-09-13 12:28:20,067 - INFO - Loading sales with shape (50000, 14)
2026-09-13 12:28:20,756 - INFO - Loading sales with shape (50000, 14)
2026-09-13 12:28:21,380 - INFO - Loading sales with shape (50000, 14)
2026-09-13 12:28:22,141 - INFO - Loading sales with shape (50000, 14)
2026-09-13 12:28:22,770 - INFO - Loading sales with shape (50000, 14)
2026-09-13 12:28:23,443 - INFO - Loading sales with shape (50000, 14)
2026-09-13 12:28:24,075 - INFO - Loading sales with shape (50000, 14)
2026-09-13 12:28:24,757 - INFO - Loading sales with shape (50000, 14)
2026-09-13 12:28:25,383 - INFO - Loading sales with shape (50000, 14)
2026-09-13 12:28:26,059 - INFO - Loading sales with shape (50000, 14)
2026-09-13 12:28:26,694 - INFO - Loading sales with shape (50000, 14)
2026-09-13 12:28:27,376 - INFO - Loading sales with shape (50000, 14)
2026-09-13 12:28:27,997 - INFO - Loading sales with shape (50000, 14)
2026-09-13 12:28:28,670 - INFO - Loading sales with shape (50000, 14)
2026-09-13 12:28:29,291 - INFO - Loading sales with shape (50000, 14)
2026-09-13 12:28:29,991 - INFO - Loading sales with shape (50000, 14)
2026-09-13 12:28:30,626 - INFO - Loading sales with shape (50000, 14)
2026-09-13 12:28:31,288 - INFO - Loading sales with shape (50000, 14)
2026-09-13 12:28:32,003 - INFO - Loading sales with shape (50000, 14)
2026-09-13 12:28:32,691 - INFO - Loading sales with shape (50000, 14)
2026-09-13 12:28:33,318 - INFO - Loading sales with shape (50000, 14)
2026-09-13 12:28:34,003 - INFO - Loading sales with shape (50000, 14)
2026-09-13 12:28:34,645 - INFO - Loading sales with shape (50000, 14)
2026-09-13 12:28:35,318 - INFO - Loading sales with shape (50000, 14)
2026-09-13 12:28:35,943 - INFO - Loading sales with shape (50000, 14)
2026-09-13 12:28:36,653 - INFO - Loading sales with shape (50000, 14)
2026-09-13 12:28:37,291 - INFO - Loading sales with shape (50000, 14)
2026-09-13 12:28:37,957 - INFO - Loading sales with shape (50000, 14)
2026-09-13 12:28:38,606 - INFO - Loading sales with shape (50000, 14)
2026-09-13 12:28:39,333 - INFO - Loading sales with shape (50000, 14)
2026-09-13 12:28:39,993 - INFO - Loading sales with shape (50000, 14)
2026-09-13 12:28:40,665 - INFO - Loading sales with shape (50000, 14)
2026-09-13 12:28:41,290 - INFO - Loading sales with shape (50000, 14)
2026-09-13 12:28:41,967 - INFO - Loading sales with shape (50000, 14)
2026-09-13 12:28:42,604 - INFO - Loading sales with shape (50000, 14)
2026-09-13 12:28:43,279 - INFO - Loading sales with shape (50000, 14)
2026-09-13 12:28:43,924 - INFO - Loading sales with shape (50000, 14)
2026-09-13 12:28:44,604 - INFO - Loading sales with shape (50000, 14)
2026-09-13 12:28:45,252 - INFO - Loading sales with shape (50000, 14)
2026-09-13 12:28:45,929 - INFO - Loading sales with shape (50000, 14)
2026-09-13 12:28:46,563 - INFO - Loading sales with shape (50000, 14)
2026-09-13 12:28:47,320 - INFO - Loading sales with shape (50000, 14)
2026-09-13 12:28:47,942 - INFO - Loading sales with shape (50000, 14)
2026-09-13 12:28:48,629 - INFO - Loading sales with shape (50000, 14)
2026-09-13 12:28:49,256 - INFO - Loading sales with shape (50000, 14)
2026-09-13 12:28:49,941 - INFO - Loading sales with shape (50000, 14)
2026-09-13 12:28:50,577 - INFO - Loading sales with shape (50000, 14)
2026-09-13 12:28:51,258 - INFO - Loading sales with shape (50000, 14)
2026-09-13 12:28:51,899 - INFO - Loading sales with shape (50000, 14)
2026-09-13 12:28:52,588 - INFO - Loading sales with shape (50000, 14)
2026-09-13 12:28:53,228 - INFO - Loading sales with shape (50000, 14)
2026-09-13 12:28:53,903 - INFO - Loading sales with shape (50000, 14)
2026-09-13 12:28:54,531 - INFO - Loading sales with shape (50000, 14)
2026-09-13 12:28:55,205 - INFO - Loading sales with shape (50000, 14)
2026-09-13 12:28:55,893 - INFO - Loading sales with shape (50000, 14)
2026-09-13 12:28:56,575 - INFO - Loading sales with shape (50000, 14)
2026-09-13 12:28:57,206 - INFO - Loading sales with shape (50000, 14)
2026-09-13 12:28:57,882 - INFO - Loading sales with shape (50000, 14)
2026-09-13 12:28:58,510 - INFO - Loading sales with shape (50000, 14)
2026-09-13 12:28:59,215 - INFO - Loading sales with shape (50000, 14)
2026-09-13 12:28:59,838 - INFO - Loading sales with shape (50000, 14)
2026-09-13 12:29:00,527 - INFO - Loading sales with shape (50000, 14)
2026-09-13 12:29:01,161 - INFO - Loading sales with shape (50000, 14)
2026-09-13 12:29:01,834 - INFO - Loading sales with shape (50000, 14)
2026-09-13 12:29:02,455 - INFO - Loading sales with shape (50000, 14)
2026-09-13 12:29:03,188 - INFO - Loading sales with shape (50000, 14)
2026-09-13 12:29:03,833 - INFO - Loading sales with shape (50000, 14)
2026-09-13 12:29:04,526 - INFO - Loading sales with shape (50000, 14)
2026-09-13 12:29:05,153 - INFO - Loading sales with shape (50000, 14)
2026-09-13 12:29:05,846 - INFO - Loading sales with shape (50000, 14)
2026-09-13 12:29:06,479 - INFO - Loading sales with shape (50000, 14)
2026-09-13 12:29:07,150 - INFO - Loading sales with shape (50000, 14)
2026-09-13 12:29:07,778 - INFO - Loading sales with shape (50000, 14)
2026-09-13 12:29:08,466 - INFO - Loading sales with shape (50000, 14)
2026-09-13 12:29:09,086 - INFO - Loading sales with shape (50000, 14)
2026-09-13 12:29:09,786 - INFO - Loading sales with shape (50000, 14)
2026-09-13 12:29:10,414 - INFO - Loading sales with shape (50000, 14)
2026-09-13 12:29:11,099 - INFO - Loading sales with shape (50000, 14)
2026-09-13 12:29:11,816 - INFO - Loading sales with shape (50000, 14)
2026-09-13 12:29:12,497 - INFO - Loading sales with shape (50000, 14)
2026-09-13 12:29:13,124 - INFO - Loading sales with shape (50000, 14)
2026-09-13 12:29:13,812 - INFO - Loading sales with shape (50000, 14)
2026-09-13 12:29:14,439 - INFO - Loading sales with shape (50000, 14)
2026-09-13 12:29:15,149 - INFO - Loading sales with shape (50000, 14)
2026-09-13 12:29:15,802 - INFO - Loading sales with shape (50000, 14)
2026-09-13 12:29:16,491 - INFO - Loading sales with shape (50000, 14)
2026-09-13 12:29:17,129 - INFO - Loading sales with shape (50000, 14)
2026-09-13 12:29:17,813 - INFO - Loading sales with shape (50000, 14)
2026-09-13 12:29:18,454 - INFO - Loading sales with shape (50000, 14)
2026-09-13 12:29:19,122 - INFO - Loading sales with shape (50000, 14)
2026-09-13 12:29:19,802 - INFO - Loading sales with shape (50000, 14)
2026-09-13 12:29:20,485 - INFO - Loading sales with shape (50000, 14)
2026-09-13 12:29:21,175 - INFO - Loading sales with shape (50000, 14)
2026-09-13 12:29:21,870 - INFO - Loading sales with shape (50000, 14)
2026-09-13 12:29:22,500 - INFO - Loading sales with shape (50000, 14)
2026-09-13 12:29:23,193 - INFO - Loading sales with shape (50000, 14)
2026-09-13 12:29:23,810 - INFO - Loading sales with shape (50000, 14)
2026-09-13 12:29:24,492 - INFO - Loading sales with shape (50000, 14)
2026-09-13 12:29:25,121 - INFO - Loading sales with shape (50000, 14)
2026-09-13 12:29:25,807 - INFO - Loading sales with shape (50000, 14)
2026-09-13 12:29:26,440 - INFO - Loading sales with shape (50000, 14)
2026-09-13 12:29:27,163 - INFO - Loading sales with shape (50000, 14)
2026-09-13 12:29:27,752 - INFO - Loading sales with shape (25363, 14)
2026-09-13 12:29:28,100 - INFO - Ingesting vendor_invoice.csv in db
2026-09-13 12:29:28,112 - INFO - Loading vendor_invoice with shape (5543, 10)
2026-09-13 12:29:28,169 - INFO - Ingestion Completed
2026-09-13 12:29:28,169 - INFO - Total Time Taken: 3.650561026732127 minutes
2026-09-14 19:05:17,225 - INFO - Creating Vendor Summary Table....
2026-09-14 19:06:56,079 - INFO -    VendorNumber                   VendorName  ...  TotalExciseTax FreightCost
0          1128  BROWN-FORMAN CORP            ...       260999.20    68601.68
1          4425        MARTIGNETTI COMPANIES  ...       294438.66   144929.24
2         17035  PERNOD RICARD USA            ...       343854.07   123780.22
3          3960  DIAGEO NORTH AMERICA INC     ...       368242.80   257032.07
4          3960  DIAGEO NORTH AMERICA INC     ...       249587.83   257032.07

[5 rows x 14 columns]
2026-09-14 19:06:56,120 - INFO - Cleaning Data...
2026-09-14 19:10:35,259 - INFO - Creating Vendor Summary Table....
2026-09-14 19:11:30,696 - INFO - Creating Vendor Summary Table....
2026-09-14 19:11:46,095 - INFO -    VendorNumber                   VendorName  ...  TotalExciseTax FreightCost
0          1128  BROWN-FORMAN CORP            ...       260999.20    68601.68
1          4425        MARTIGNETTI COMPANIES  ...       294438.66   144929.24
2         17035  PERNOD RICARD USA            ...       343854.07   123780.22
3          3960  DIAGEO NORTH AMERICA INC     ...       368242.80   257032.07
4          3960  DIAGEO NORTH AMERICA INC     ...       249587.83   257032.07

[5 rows x 14 columns]
2026-09-14 19:11:46,160 - INFO - Cleaning Data...
2026-09-14 19:12:49,309 - INFO -    VendorNumber                   VendorName  Brand              Description  \
0          1128  BROWN-FORMAN CORP             1233  Jack Daniels No 7 Black   
1          4425        MARTIGNETTI COMPANIES   3405    Tito's Handmade Vodka   
2         17035  PERNOD RICARD USA             8068         Absolut 80 Proof   
3          3960  DIAGEO NORTH AMERICA INC      4261   Capt Morgan Spiced Rum   
4          3960  DIAGEO NORTH AMERICA INC      3545          Ketel One Vodka   

   PurchasePrice  ActualPrice Volume  TotalPurchaseQuantity  \
0          26.27        36.99   1750                 145080   
1          23.19        28.99   1750                 164038   
2          18.24        24.99   1750                 187407   
3          16.17        22.99   1750                 201682   
4          21.89        29.99   1750                 138109   

   TotalPurchaseDollars  TotalSalesQuantity  TotalSalesDollars  \
0            3811251.60            142049.0         5101919.51   
1            3804041.22            160247.0         4819073.49   
2            3418303.68            187140.0         4538120.60   
3            3261197.94            200412.0         4475972.88   
4            3023206.01            135838.0         4223107.62   

   TotalSalesPrice  TotalExciseTax  FreightCost  
0        672819.31       260999.20     68601.68  
1        561512.37       294438.66    144929.24  
2        461140.15       343854.07    123780.22  
3        420050.01       368242.80    257032.07  
4        545778.28       249587.83    257032.07  
2026-09-14 19:12:49,332 - INFO - Cleaning Data...
2026-09-14 19:12:49,389 - INFO -    VendorNumber                VendorName  Brand              Description  \
0          1128         BROWN-FORMAN CORP   1233  Jack Daniels No 7 Black   
1          4425     MARTIGNETTI COMPANIES   3405    Tito's Handmade Vodka   
2         17035         PERNOD RICARD USA   8068         Absolut 80 Proof   
3          3960  DIAGEO NORTH AMERICA INC   4261   Capt Morgan Spiced Rum   
4          3960  DIAGEO NORTH AMERICA INC   3545          Ketel One Vodka   

   PurchasePrice  ActualPrice  Volume  TotalPurchaseQuantity  \
0          26.27        36.99  1750.0                 145080   
1          23.19        28.99  1750.0                 164038   
2          18.24        24.99  1750.0                 187407   
3          16.17        22.99  1750.0                 201682   
4          21.89        29.99  1750.0                 138109   

   TotalPurchaseDollars  TotalSalesQuantity  TotalSalesDollars  \
0            3811251.60            142049.0         5101919.51   
1            3804041.22            160247.0         4819073.49   
2            3418303.68            187140.0         4538120.60   
3            3261197.94            200412.0         4475972.88   
4            3023206.01            135838.0         4223107.62   

   TotalSalesPrice  TotalExciseTax  FreightCost  
0        672819.31       260999.20     68601.68  
1        561512.37       294438.66    144929.24  
2        461140.15       343854.07    123780.22  
3        420050.01       368242.80    257032.07  
4        545778.28       249587.83    257032.07  
2026-09-14 19:12:49,396 - INFO - Ingesting data.....
2026-09-14 19:12:49,449 - INFO - Completed
2026-09-14 19:24:56,185 - INFO - Creating Vendor Summary Table....
2026-09-14 19:25:56,526 - INFO -    VendorNumber                   VendorName  ...  TotalExciseTax FreightCost
0          1128  BROWN-FORMAN CORP            ...       260999.20    68601.68
1          4425        MARTIGNETTI COMPANIES  ...       294438.66   144929.24
2         17035  PERNOD RICARD USA            ...       343854.07   123780.22
3          3960  DIAGEO NORTH AMERICA INC     ...       368242.80   257032.07
4          3960  DIAGEO NORTH AMERICA INC     ...       249587.83   257032.07

[5 rows x 14 columns]
2026-09-14 19:25:56,547 - INFO - Cleaning Data...
2026-09-14 19:25:56,557 - INFO -    VendorNumber                VendorName  ...  StockTurnover SalesToPurchaseRatio
0          1128         BROWN-FORMAN CORP  ...       0.979108             1.338647
1          4425     MARTIGNETTI COMPANIES  ...       0.976890             1.266830
2         17035         PERNOD RICARD USA  ...       0.998575             1.327594
3          3960  DIAGEO NORTH AMERICA INC  ...       0.993703             1.372493
4          3960  DIAGEO NORTH AMERICA INC  ...       0.983556             1.396897

[5 rows x 18 columns]
2026-09-14 19:25:56,569 - INFO - Ingesting data.....
2026-09-14 19:33:34,735 - INFO - Creating Vendor Summary Table....
2026-09-14 19:34:21,566 - INFO -    VendorNumber                   VendorName  ...  TotalExciseTax FreightCost
0          1128  BROWN-FORMAN CORP            ...       260999.20    68601.68
1          4425        MARTIGNETTI COMPANIES  ...       294438.66   144929.24
2         17035  PERNOD RICARD USA            ...       343854.07   123780.22
3          3960  DIAGEO NORTH AMERICA INC     ...       368242.80   257032.07
4          3960  DIAGEO NORTH AMERICA INC     ...       249587.83   257032.07

[5 rows x 14 columns]
2026-09-14 19:34:21,592 - INFO - Cleaning Data...
2026-09-14 19:34:21,607 - INFO -    VendorNumber                VendorName  ...  StockTurnover SalesToPurchaseRatio
0          1128         BROWN-FORMAN CORP  ...       0.979108             1.338647
1          4425     MARTIGNETTI COMPANIES  ...       0.976890             1.266830
2         17035         PERNOD RICARD USA  ...       0.998575             1.327594
3          3960  DIAGEO NORTH AMERICA INC  ...       0.993703             1.372493
4          3960  DIAGEO NORTH AMERICA INC  ...       0.983556             1.396897

[5 rows x 18 columns]
2026-09-14 19:34:21,625 - INFO - Ingesting data.....
2026-09-14 19:34:21,699 - INFO - Completed
2026-09-14 20:01:19,076 - INFO - Creating Vendor Summary Table....
2026-09-14 20:02:21,033 - INFO -    VendorNumber                   VendorName  Brand              Description  \
0          1128  BROWN-FORMAN CORP             1233  Jack Daniels No 7 Black   
1          4425        MARTIGNETTI COMPANIES   3405    Tito's Handmade Vodka   
2         17035  PERNOD RICARD USA             8068         Absolut 80 Proof   
3          3960  DIAGEO NORTH AMERICA INC      4261   Capt Morgan Spiced Rum   
4          3960  DIAGEO NORTH AMERICA INC      3545          Ketel One Vodka   

   PurchasePrice  ActualPrice Volume  TotalPurchaseQuantity  \
0          26.27        36.99   1750                 145080   
1          23.19        28.99   1750                 164038   
2          18.24        24.99   1750                 187407   
3          16.17        22.99   1750                 201682   
4          21.89        29.99   1750                 138109   

   TotalPurchaseDollars  TotalSalesQuantity  TotalSalesDollars  \
0            3811251.60            142049.0         5101919.51   
1            3804041.22            160247.0         4819073.49   
2            3418303.68            187140.0         4538120.60   
3            3261197.94            200412.0         4475972.88   
4            3023206.01            135838.0         4223107.62   

   TotalSalesPrice  TotalExciseTax  FreightCost  
0        672819.31       260999.20     68601.68  
1        561512.37       294438.66    144929.24  
2        461140.15       343854.07    123780.22  
3        420050.01       368242.80    257032.07  
4        545778.28       249587.83    257032.07  
2026-09-14 20:02:21,050 - INFO - Cleaning Data...
2026-09-14 20:02:21,075 - INFO -    VendorNumber                VendorName  Brand              Description  \
0          1128         BROWN-FORMAN CORP   1233  Jack Daniels No 7 Black   
1          4425     MARTIGNETTI COMPANIES   3405    Tito's Handmade Vodka   
2         17035         PERNOD RICARD USA   8068         Absolut 80 Proof   
3          3960  DIAGEO NORTH AMERICA INC   4261   Capt Morgan Spiced Rum   
4          3960  DIAGEO NORTH AMERICA INC   3545          Ketel One Vodka   

   PurchasePrice  ActualPrice  Volume  TotalPurchaseQuantity  \
0          26.27        36.99  1750.0                 145080   
1          23.19        28.99  1750.0                 164038   
2          18.24        24.99  1750.0                 187407   
3          16.17        22.99  1750.0                 201682   
4          21.89        29.99  1750.0                 138109   

   TotalPurchaseDollars  TotalSalesQuantity  TotalSalesDollars  \
0            3811251.60            142049.0         5101919.51   
1            3804041.22            160247.0         4819073.49   
2            3418303.68            187140.0         4538120.60   
3            3261197.94            200412.0         4475972.88   
4            3023206.01            135838.0         4223107.62   

   TotalSalesPrice  TotalExciseTax  FreightCost  
0        672819.31       260999.20     68601.68  
1        561512.37       294438.66    144929.24  
2        461140.15       343854.07    123780.22  
3        420050.01       368242.80    257032.07  
4        545778.28       249587.83    257032.07  
2026-09-14 20:02:21,079 - INFO - Ingesting data.....
2026-09-14 20:02:21,111 - INFO - Completed
